
> mocha-app@0.0.0 build
> tsc -b && vite build

error TS2688: Cannot find type definition file for './worker-configuration.d.ts'.
  The file is in the program because:
    Entry point of type library './worker-configuration.d.ts' specified in compilerOptions
